[0.008s] Invoking command in '/home/guojinxuan/ros_task/task4_ros/build/hikvision_camera': CMAKE_PREFIX_PATH=${CMAKE_PREFIX_PATH}:/opt/ros/humble /usr/bin/cmake --build /home/guojinxuan/ros_task/task4_ros/build/hikvision_camera -- -j32 -l32
[0.047s] [35m[1mConsolidate compiler generated dependencies of target hikvision_camera_node[0m
[0.065s] [ 50%] [32mBuilding CXX object CMakeFiles/hikvision_camera_node.dir/src/hikvision_camera.cpp.o[0m
[1.738s] [01m[K/home/guojinxuan/ros_task/task4_ros/src/hikvision_camera/src/hikvision_camera.cpp:[m[K In member function ‘[01m[Kvoid HikvisionCameraNode::setupRealCamera()[m[K’:
[1.738s] [01m[K/home/guojinxuan/ros_task/task4_ros/src/hikvision_camera/src/hikvision_camera.cpp:154:47:[m[K [01;31m[Kerror: [m[Kqualified-id in declaration before ‘[01m[K([m[K’ token
[1.738s]   154 | Node::checkAndUpdateParams[01;31m[K([m[K)
[1.738s]       |                           [01;31m[K^[m[K
[1.738s] 
[1.738s] [01m[K/home/guojinxuan/ros_task/task4_ros/src/hikvision_camera/src/hikvision_camera.cpp:172:45:[m[K [01;31m[Kerror: [m[Kqualified-id in declaration before ‘[01m[K([m[K’ token
[1.738s]   172 | pdateCameraParams[01;31m[K([m[Kint exposure_time, int gain, int frame_rate, const std::string &image_format)
[1.738s]       |                  [01;31m[K^[m[K
[1.738s] 
[1.738s] [01m[K/home/guojinxuan/ros_task/task4_ros/src/hikvision_camera/src/hikvision_camera.cpp:215:50:[m[K [01;31m[Kerror: [m[Kqualified-id in declaration before ‘[01m[K([m[K’ token
[1.738s]   215 | e::readAndPublishFrameRate[01;31m[K([m[K)
[1.738s]       |                           [01;31m[K^[m[K
[1.738s] 
[1.738s] [01m[K/home/guojinxuan/ros_task/task4_ros/src/hikvision_camera/src/hikvision_camera.cpp:245:53:[m[K [01;31m[Kerror: [m[Kqualified-id in declaration before ‘[01m[K([m[K’ token
[1.738s]   245 | readAndLogActualParameters[01;31m[K([m[K)
[1.738s]       |                           [01;31m[K^[m[K
[1.738s] 
[1.738s] [01m[K/home/guojinxuan/ros_task/task4_ros/src/hikvision_camera/src/hikvision_camera.cpp:301:54:[m[K [01;31m[Kerror: [m[Kqualified-id in declaration before ‘[01m[K([m[K’ token
[1.738s]   301 | PixelFormatString[01;31m[K([m[Kunsigned int pixel_format)
[1.738s]       |                  [01;31m[K^[m[K
[1.738s] 
[1.738s] [01m[K/home/guojinxuan/ros_task/task4_ros/src/hikvision_camera/src/hikvision_camera.cpp:316:49:[m[K [01;31m[Kerror: [m[Kqualified-id in declaration before ‘[01m[K([m[K’ token
[1.738s]   316 | de::captureAndPublishImage[01;31m[K([m[K)
[1.738s]       |                           [01;31m[K^[m[K
[1.738s] 
[1.738s] [01m[K/home/guojinxuan/ros_task/task4_ros/src/hikvision_camera/src/hikvision_camera.cpp:339:49:[m[K [01;31m[Kerror: [m[Kqualified-id in declaration before ‘[01m[K([m[K’ token
[1.738s]   339 | ssImageAndPublish[01;31m[K([m[KMV_FRAME_OUT &stImageInfo)
[1.738s]       |                  [01;31m[K^[m[K
[1.738s] 
[1.738s] [01m[K/home/guojinxuan/ros_task/task4_ros/src/hikvision_camera/src/hikvision_camera.cpp:412:54:[m[K [01;31m[Kerror: [m[Kqualified-id in declaration before ‘[01m[K([m[K’ token
[1.739s]   412 | onnectFirstAvailableCamera[01;31m[K([m[K)
[1.739s]       |                           [01;31m[K^[m[K
[1.739s] 
[1.739s] [01m[K/home/guojinxuan/ros_task/task4_ros/src/hikvision_camera/src/hikvision_camera.cpp:469:48:[m[K [01;31m[Kerror: [m[Kqualified-id in declaration before ‘[01m[K([m[K’ token
[1.739s]   469 | ectBySerialNumber[01;31m[K([m[Kconst std::string &serial_number)
[1.739s]       |                  [01;31m[K^[m[K
[1.739s] 
[1.739s] [01m[K/home/guojinxuan/ros_task/task4_ros/src/hikvision_camera/src/hikvision_camera.cpp:517:43:[m[K [01;31m[Kerror: [m[Kqualified-id in declaration before ‘[01m[K([m[K’ token
[1.739s]   517 | :attemptReconnect[01;31m[K([m[Kconst std::string& serial_number)
[1.739s]       |                  [01;31m[K^[m[K
[1.739s] 
[1.739s] [01m[K/home/guojinxuan/ros_task/task4_ros/src/hikvision_camera/src/hikvision_camera.cpp:544:44:[m[K [01;31m[Kerror: [m[Kqualified-id in declaration before ‘[01m[K([m[K’ token
[1.739s]   544 | displayCameraInfo[01;31m[K([m[KMV_CC_DEVICE_INFO* pDeviceInfo)
[1.739s]       |                  [01;31m[K^[m[K
[1.739s] 
[1.739s] [01m[K/home/guojinxuan/ros_task/task4_ros/src/hikvision_camera/src/hikvision_camera.cpp:566:1:[m[K [01;31m[Kerror: [m[Ka function-definition is not allowed here before ‘[01m[K{[m[K’ token
[1.739s]   566 | [01;31m[K{[m[K
[1.739s]       | [01;31m[K^[m[K
[1.739s] [01m[K/home/guojinxuan/ros_task/task4_ros/src/hikvision_camera/src/hikvision_camera.cpp:571:2:[m[K [01;31m[Kerror: [m[Kexpected ‘[01m[K}[m[K’ at end of input
[1.739s]   571 | }
[1.739s]       |  [01;31m[K^[m[K
[1.739s] [01m[K/home/guojinxuan/ros_task/task4_ros/src/hikvision_camera/src/hikvision_camera.cpp:56:1:[m[K [01;36m[Knote: [m[Kto match this ‘[01m[K{[m[K’
[1.739s]    56 | [01;36m[K{[m[K
[1.739s]       | [01;36m[K^[m[K
[2.648s] gmake[2]: *** [CMakeFiles/hikvision_camera_node.dir/build.make:76: CMakeFiles/hikvision_camera_node.dir/src/hikvision_camera.cpp.o] Error 1
[2.648s] gmake[1]: *** [CMakeFiles/Makefile2:137: CMakeFiles/hikvision_camera_node.dir/all] Error 2
[2.648s] gmake: *** [Makefile:146: all] Error 2
[2.650s] Invoked command in '/home/guojinxuan/ros_task/task4_ros/build/hikvision_camera' returned '2': CMAKE_PREFIX_PATH=${CMAKE_PREFIX_PATH}:/opt/ros/humble /usr/bin/cmake --build /home/guojinxuan/ros_task/task4_ros/build/hikvision_camera -- -j32 -l32
