[0.008s] Invoking command in '/home/guojinxuan/ros_task/task4_ros/build/hikvision_camera': CMAKE_PREFIX_PATH=${CMAKE_PREFIX_PATH}:/opt/ros/humble /usr/bin/cmake --build /home/guojinxuan/ros_task/task4_ros/build/hikvision_camera -- -j32 -l32
[0.046s] [35m[1mConsolidate compiler generated dependencies of target hikvision_camera_node[0m
[0.064s] [ 50%] [32mBuilding CXX object CMakeFiles/hikvision_camera_node.dir/src/hikvision_camera.cpp.o[0m
[1.704s] [01m[K/home/guojinxuan/ros_task/task4_ros/src/hikvision_camera/src/hikvision_camera.cpp:[m[K In member function ‘[01m[Kvoid HikvisionCameraNode::updateCameraParams(int, int, int, const string&)[m[K’:
[1.704s] [01m[K/home/guojinxuan/ros_task/task4_ros/src/hikvision_camera/src/hikvision_camera.cpp:150:110:[m[K [01;35m[Kwarning: [m[Kunused parameter ‘[01m[Kimage_format[m[K’ [[01;35m[K]8;;https://gcc.gnu.org/onlinedocs/gcc/Warning-Options.html#index-Wunused-parameter-Wunused-parameter]8;;[m[K]
[1.704s]   150 | [01;35m[Knst std::string &image_format[m[K)
[1.704s]       | [01;35m[K~~~~~~~~~~~~~~~~~^~~~~~~~~~~~[m[K
[1.704s] 
[1.708s] [01m[K/home/guojinxuan/ros_task/task4_ros/src/hikvision_camera/src/hikvision_camera.cpp:[m[K In member function ‘[01m[Kvoid HikvisionCameraNode::processImageAndPublish(MV_FRAME_OUT&)[m[K’:
[1.708s] [01m[K/home/guojinxuan/ros_task/task4_ros/src/hikvision_camera/src/hikvision_camera.cpp:347:9:[m[K [01;35m[Kwarning: [m[Kcase value ‘[01m[K17301516[m[K’ not in enumerated type ‘[01m[KMvGvspPixelType[m[K’ [[01;35m[K]8;;https://gcc.gnu.org/onlinedocs/gcc/Warning-Options.html#index-Wswitch-Wswitch]8;;[m[K]
[1.708s]   347 |         [01;35m[Kcase[m[K 0x0108000c:  // BayerBG8
[1.708s]       |         [01;35m[K^~~~[m[K
[3.492s] [100%] [32m[1mLinking CXX executable hikvision_camera_node[0m
[3.571s] /usr/bin/ld: warning: libopencv_imgcodecs.so.4.5d, needed by /opt/ros/humble/lib/libcv_bridge.so, may conflict with libopencv_imgcodecs.so.408
[3.571s] /usr/bin/ld: warning: libopencv_imgproc.so.4.5d, needed by /opt/ros/humble/lib/libcv_bridge.so, may conflict with libopencv_imgproc.so.408
[3.571s] /usr/bin/ld: warning: libopencv_core.so.4.5d, needed by /opt/ros/humble/lib/libcv_bridge.so, may conflict with libopencv_core.so.408
[3.694s] /usr/bin/ld: CMakeFiles/hikvision_camera_node.dir/src/hikvision_camera.cpp.o: in function `HikvisionCameraNode::setupRealCamera()':
[3.694s] hikvision_camera.cpp:(.text+0xcd9): undefined reference to `HikvisionCameraNode::connectBySerialNumber(std::__cxx11::basic_string<char, std::char_traits<char>, std::allocator<char> > const&)'
[3.694s] /usr/bin/ld: hikvision_camera.cpp:(.text+0xcea): undefined reference to `HikvisionCameraNode::connectFirstAvailableCamera()'
[3.695s] /usr/bin/ld: CMakeFiles/hikvision_camera_node.dir/src/hikvision_camera.cpp.o: in function `HikvisionCameraNode::captureAndPublishImage()':
[3.695s] hikvision_camera.cpp:(.text+0x4743): undefined reference to `HikvisionCameraNode::attemptReconnect(std::__cxx11::basic_string<char, std::char_traits<char>, std::allocator<char> > const&)'
[3.719s] collect2: error: ld returned 1 exit status
[3.721s] gmake[2]: *** [CMakeFiles/hikvision_camera_node.dir/build.make:192: hikvision_camera_node] Error 1
[3.721s] gmake[1]: *** [CMakeFiles/Makefile2:137: CMakeFiles/hikvision_camera_node.dir/all] Error 2
[3.721s] gmake: *** [Makefile:146: all] Error 2
[3.724s] Invoked command in '/home/guojinxuan/ros_task/task4_ros/build/hikvision_camera' returned '2': CMAKE_PREFIX_PATH=${CMAKE_PREFIX_PATH}:/opt/ros/humble /usr/bin/cmake --build /home/guojinxuan/ros_task/task4_ros/build/hikvision_camera -- -j32 -l32
