-- The C compiler identification is GNU 11.4.0
-- The CXX compiler identification is GNU 11.4.0
-- Detecting C compiler ABI info
-- Detecting C compiler ABI info - done
-- Check for working C compiler: /usr/bin/cc - skipped
-- Detecting C compile features
-- Detecting C compile features - done
-- Detecting CXX compiler ABI info
-- Detecting CXX compiler ABI info - done
-- Check for working CXX compiler: /usr/bin/c++ - skipped
-- Detecting CXX compile features
-- Detecting CXX compile features - done
-- Found ament_cmake: 1.3.12 (/opt/ros/humble/share/ament_cmake/cmake)
-- Found Python3: /usr/bin/python3 (found version "3.10.12") found components: Interpreter 
-- Found rclcpp: 16.0.15 (/opt/ros/humble/share/rclcpp/cmake)
-- Found rosidl_generator_c: 3.1.7 (/opt/ros/humble/share/rosidl_generator_c/cmake)
-- Found rosidl_adapter: 3.1.7 (/opt/ros/humble/share/rosidl_adapter/cmake)
-- Found rosidl_generator_cpp: 3.1.7 (/opt/ros/humble/share/rosidl_generator_cpp/cmake)
-- Using all available rosidl_typesupport_c: rosidl_typesupport_fastrtps_c;rosidl_typesupport_introspection_c
-- Using all available rosidl_typesupport_cpp: rosidl_typesupport_fastrtps_cpp;rosidl_typesupport_introspection_cpp
-- Found rmw_implementation_cmake: 6.1.2 (/opt/ros/humble/share/rmw_implementation_cmake/cmake)
-- Found rmw_fastrtps_cpp: 6.2.8 (/opt/ros/humble/share/rmw_fastrtps_cpp/cmake)
-- Found OpenSSL: /usr/lib/x86_64-linux-gnu/libcrypto.so (found version "3.0.2")  
-- Found FastRTPS: /opt/ros/humble/include  
-- Using RMW implementation 'rmw_fastrtps_cpp' as default
-- Looking for pthread.h
-- Looking for pthread.h - found
-- Performing Test CMAKE_HAVE_LIBC_PTHREAD
-- Performing Test CMAKE_HAVE_LIBC_PTHREAD - Success
-- Found Threads: TRUE  
-- Found sensor_msgs: 4.9.0 (/opt/ros/humble/share/sensor_msgs/cmake)
-- Found cv_bridge: 3.2.1 (/opt/ros/humble/share/cv_bridge/cmake)
-- Found OpenCV: /usr/local (found version "4.8.0") 
-- Found MVS library: /opt/MVS/lib/64/libMvCameraControl.so
-- Found ament_lint_auto: 0.12.14 (/opt/ros/humble/share/ament_lint_auto/cmake)
-- Added test 'copyright' to check source files copyright and LICENSE
-- Added test 'cppcheck' to perform static code analysis on C / C++ code
-- Configured cppcheck include dirs: 
-- Configured cppcheck exclude dirs and/or files: 
-- Added test 'cpplint' to check C / C++ code against the Google style
-- Configured cpplint exclude dirs and/or files: 
-- Added test 'flake8' to check Python code syntax and style conventions
-- Added test 'lint_cmake' to check CMake code style
-- Added test 'pep257' to check Python code against some of the docstring style conventions in PEP 257
-- Added test 'uncrustify' to check C / C++ code style
-- Configured uncrustify additional arguments: 
-- Added test 'xmllint' to check XML markup files
-- Configuring done
-- Generating done
-- Build files have been written to: /home/guojinxuan/ros_task/task4_ros/build/hikvision_camera
[ 50%] [32mBuilding CXX object CMakeFiles/hikvision_camera_node.dir/src/hikvision_camera.cpp.o[0m
[100%] [32m[1mLinking CXX executable hikvision_camera_node[0m
[100%] Built target hikvision_camera_node
-- Install configuration: ""
-- Installing: /home/guojinxuan/ros_task/task4_ros/install/hikvision_camera/lib/hikvision_camera/hikvision_camera_node
-- Set runtime path of "/home/guojinxuan/ros_task/task4_ros/install/hikvision_camera/lib/hikvision_camera/hikvision_camera_node" to ""
-- Installing: /home/guojinxuan/ros_task/task4_ros/install/hikvision_camera/share/hikvision_camera/launch
-- Installing: /home/guojinxuan/ros_task/task4_ros/install/hikvision_camera/share/hikvision_camera/launch/camera_launch.py
-- Installing: /home/guojinxuan/ros_task/task4_ros/install/hikvision_camera/share/ament_index/resource_index/package_run_dependencies/hikvision_camera
-- Installing: /home/guojinxuan/ros_task/task4_ros/install/hikvision_camera/share/ament_index/resource_index/parent_prefix_path/hikvision_camera
-- Installing: /home/guojinxuan/ros_task/task4_ros/install/hikvision_camera/share/hikvision_camera/environment/ament_prefix_path.sh
-- Installing: /home/guojinxuan/ros_task/task4_ros/install/hikvision_camera/share/hikvision_camera/environment/ament_prefix_path.dsv
-- Installing: /home/guojinxuan/ros_task/task4_ros/install/hikvision_camera/share/hikvision_camera/environment/path.sh
-- Installing: /home/guojinxuan/ros_task/task4_ros/install/hikvision_camera/share/hikvision_camera/environment/path.dsv
-- Installing: /home/guojinxuan/ros_task/task4_ros/install/hikvision_camera/share/hikvision_camera/local_setup.bash
-- Installing: /home/guojinxuan/ros_task/task4_ros/install/hikvision_camera/share/hikvision_camera/local_setup.sh
-- Installing: /home/guojinxuan/ros_task/task4_ros/install/hikvision_camera/share/hikvision_camera/local_setup.zsh
-- Installing: /home/guojinxuan/ros_task/task4_ros/install/hikvision_camera/share/hikvision_camera/local_setup.dsv
-- Installing: /home/guojinxuan/ros_task/task4_ros/install/hikvision_camera/share/hikvision_camera/package.dsv
-- Installing: /home/guojinxuan/ros_task/task4_ros/install/hikvision_camera/share/ament_index/resource_index/packages/hikvision_camera
-- Installing: /home/guojinxuan/ros_task/task4_ros/install/hikvision_camera/share/hikvision_camera/cmake/ament_cmake_export_include_directories-extras.cmake
-- Installing: /home/guojinxuan/ros_task/task4_ros/install/hikvision_camera/share/hikvision_camera/cmake/ament_cmake_export_dependencies-extras.cmake
-- Installing: /home/guojinxuan/ros_task/task4_ros/install/hikvision_camera/share/hikvision_camera/cmake/hikvision_cameraConfig.cmake
-- Installing: /home/guojinxuan/ros_task/task4_ros/install/hikvision_camera/share/hikvision_camera/cmake/hikvision_cameraConfig-version.cmake
-- Installing: /home/guojinxuan/ros_task/task4_ros/install/hikvision_camera/share/hikvision_camera/package.xml
