[0.008s] Invoking command in '/home/guojinxuan/ros_task/task4_ros/build/hikvision_camera': CMAKE_PREFIX_PATH=${CMAKE_PREFIX_PATH}:/opt/ros/humble /usr/bin/cmake --build /home/guojinxuan/ros_task/task4_ros/build/hikvision_camera -- -j32 -l32
[0.062s] [ 50%] [32mBuilding CXX object CMakeFiles/hikvision_camera_node.dir/src/hikvision_camera.cpp.o[0m
[3.560s] [100%] [32m[1mLinking CXX executable hikvision_camera_node[0m
[3.641s] /usr/bin/ld: warning: libopencv_imgcodecs.so.4.5d, needed by /opt/ros/humble/lib/libcv_bridge.so, may conflict with libopencv_imgcodecs.so.408
[3.642s] /usr/bin/ld: warning: libopencv_core.so.4.5d, needed by /opt/ros/humble/lib/libcv_bridge.so, may conflict with libopencv_core.so.408
[3.812s] [100%] Built target hikvision_camera_node
[3.820s] Invoked command in '/home/guojinxuan/ros_task/task4_ros/build/hikvision_camera' returned '0': CMAKE_PREFIX_PATH=${CMAKE_PREFIX_PATH}:/opt/ros/humble /usr/bin/cmake --build /home/guojinxuan/ros_task/task4_ros/build/hikvision_camera -- -j32 -l32
[3.827s] Invoking command in '/home/guojinxuan/ros_task/task4_ros/build/hikvision_camera': CMAKE_PREFIX_PATH=${CMAKE_PREFIX_PATH}:/opt/ros/humble /usr/bin/cmake --install /home/guojinxuan/ros_task/task4_ros/build/hikvision_camera
[3.833s] -- Install configuration: ""
[3.834s] -- Installing: /home/guojinxuan/ros_task/task4_ros/install/hikvision_camera/lib/hikvision_camera/hikvision_camera_node
[3.835s] -- Set runtime path of "/home/guojinxuan/ros_task/task4_ros/install/hikvision_camera/lib/hikvision_camera/hikvision_camera_node" to ""
[3.835s] -- Up-to-date: /home/guojinxuan/ros_task/task4_ros/install/hikvision_camera/share/hikvision_camera/launch
[3.835s] -- Up-to-date: /home/guojinxuan/ros_task/task4_ros/install/hikvision_camera/share/hikvision_camera/launch/camera_launch.py
[3.835s] -- Up-to-date: /home/guojinxuan/ros_task/task4_ros/install/hikvision_camera/share/hikvision_camera/launch/virtual_camera_test.launch.py
[3.835s] -- Up-to-date: /home/guojinxuan/ros_task/task4_ros/install/hikvision_camera/share/ament_index/resource_index/package_run_dependencies/hikvision_camera
[3.835s] -- Up-to-date: /home/guojinxuan/ros_task/task4_ros/install/hikvision_camera/share/ament_index/resource_index/parent_prefix_path/hikvision_camera
[3.835s] -- Up-to-date: /home/guojinxuan/ros_task/task4_ros/install/hikvision_camera/share/hikvision_camera/environment/ament_prefix_path.sh
[3.835s] -- Up-to-date: /home/guojinxuan/ros_task/task4_ros/install/hikvision_camera/share/hikvision_camera/environment/ament_prefix_path.dsv
[3.835s] -- Up-to-date: /home/guojinxuan/ros_task/task4_ros/install/hikvision_camera/share/hikvision_camera/environment/path.sh
[3.835s] -- Up-to-date: /home/guojinxuan/ros_task/task4_ros/install/hikvision_camera/share/hikvision_camera/environment/path.dsv
[3.835s] -- Up-to-date: /home/guojinxuan/ros_task/task4_ros/install/hikvision_camera/share/hikvision_camera/local_setup.bash
[3.835s] -- Up-to-date: /home/guojinxuan/ros_task/task4_ros/install/hikvision_camera/share/hikvision_camera/local_setup.sh
[3.835s] -- Up-to-date: /home/guojinxuan/ros_task/task4_ros/install/hikvision_camera/share/hikvision_camera/local_setup.zsh
[3.835s] -- Up-to-date: /home/guojinxuan/ros_task/task4_ros/install/hikvision_camera/share/hikvision_camera/local_setup.dsv
[3.835s] -- Installing: /home/guojinxuan/ros_task/task4_ros/install/hikvision_camera/share/hikvision_camera/package.dsv
[3.835s] -- Up-to-date: /home/guojinxuan/ros_task/task4_ros/install/hikvision_camera/share/ament_index/resource_index/packages/hikvision_camera
[3.835s] -- Up-to-date: /home/guojinxuan/ros_task/task4_ros/install/hikvision_camera/share/hikvision_camera/cmake/ament_cmake_export_include_directories-extras.cmake
[3.835s] -- Up-to-date: /home/guojinxuan/ros_task/task4_ros/install/hikvision_camera/share/hikvision_camera/cmake/ament_cmake_export_dependencies-extras.cmake
[3.836s] -- Up-to-date: /home/guojinxuan/ros_task/task4_ros/install/hikvision_camera/share/hikvision_camera/cmake/hikvision_cameraConfig.cmake
[3.836s] -- Up-to-date: /home/guojinxuan/ros_task/task4_ros/install/hikvision_camera/share/hikvision_camera/cmake/hikvision_cameraConfig-version.cmake
[3.836s] -- Up-to-date: /home/guojinxuan/ros_task/task4_ros/install/hikvision_camera/share/hikvision_camera/package.xml
[3.837s] Invoked command in '/home/guojinxuan/ros_task/task4_ros/build/hikvision_camera' returned '0': CMAKE_PREFIX_PATH=${CMAKE_PREFIX_PATH}:/opt/ros/humble /usr/bin/cmake --install /home/guojinxuan/ros_task/task4_ros/build/hikvision_camera
