[0.064s] DEBUG:colcon:Command line arguments: ['/usr/bin/colcon', 'build', '--packages-select', 'hikvision_camera']
[0.064s] DEBUG:colcon:Parsed command line arguments: Namespace(log_base=None, log_level=None, verb_name='build', build_base='build', install_base='install', merge_install=False, symlink_install=False, test_result_base=None, continue_on_error=False, executor='parallel', parallel_workers=32, event_handlers=None, ignore_user_meta=False, metas=['./colcon.meta'], base_paths=['.'], packages_ignore=None, packages_ignore_regex=None, paths=None, packages_up_to=None, packages_up_to_regex=None, packages_above=None, packages_above_and_dependencies=None, packages_above_depth=None, packages_select_by_dep=None, packages_skip_by_dep=None, packages_skip_up_to=None, packages_select_build_failed=False, packages_skip_build_finished=False, packages_select_test_failures=False, packages_skip_test_passed=False, packages_select=['hikvision_camera'], packages_skip=None, packages_select_regex=None, packages_skip_regex=None, packages_start=None, packages_end=None, allow_overriding=[], cmake_args=None, cmake_target=None, cmake_target_skip_unavailable=False, cmake_clean_cache=False, cmake_clean_first=False, cmake_force_configure=False, ament_cmake_args=None, catkin_cmake_args=None, catkin_skip_building_tests=False, verb_parser=<colcon_defaults.argument_parser.defaults.DefaultArgumentsDecorator object at 0x706386c2f4f0>, verb_extension=<colcon_core.verb.build.BuildVerb object at 0x706386d808b0>, main=<bound method BuildVerb.main of <colcon_core.verb.build.BuildVerb object at 0x706386d808b0>>)
[0.157s] Level 1:colcon.colcon_core.package_discovery:discover_packages(colcon_meta) check parameters
[0.157s] Level 1:colcon.colcon_core.package_discovery:discover_packages(recursive) check parameters
[0.157s] Level 1:colcon.colcon_core.package_discovery:discover_packages(ignore) check parameters
[0.157s] Level 1:colcon.colcon_core.package_discovery:discover_packages(path) check parameters
[0.157s] Level 1:colcon.colcon_core.package_discovery:discover_packages(colcon_meta) discover
[0.157s] Level 1:colcon.colcon_core.package_discovery:discover_packages(recursive) discover
[0.157s] INFO:colcon.colcon_core.package_discovery:Crawling recursively for packages in '/home/guojinxuan/ros_task/task4_ros'
[0.157s] Level 1:colcon.colcon_core.package_identification:_identify(.) by extensions ['ignore', 'ignore_ament_install']
[0.157s] Level 1:colcon.colcon_core.package_identification:_identify(.) by extension 'ignore'
[0.158s] Level 1:colcon.colcon_core.package_identification:_identify(.) by extension 'ignore_ament_install'
[0.158s] Level 1:colcon.colcon_core.package_identification:_identify(.) by extensions ['colcon_pkg']
[0.158s] Level 1:colcon.colcon_core.package_identification:_identify(.) by extension 'colcon_pkg'
[0.158s] Level 1:colcon.colcon_core.package_identification:_identify(.) by extensions ['colcon_meta']
[0.158s] Level 1:colcon.colcon_core.package_identification:_identify(.) by extension 'colcon_meta'
[0.158s] Level 1:colcon.colcon_core.package_identification:_identify(.) by extensions ['ros']
[0.158s] Level 1:colcon.colcon_core.package_identification:_identify(.) by extension 'ros'
[0.165s] Level 1:colcon.colcon_core.package_identification:_identify(.) by extensions ['cmake', 'python']
[0.165s] Level 1:colcon.colcon_core.package_identification:_identify(.) by extension 'cmake'
[0.165s] Level 1:colcon.colcon_core.package_identification:_identify(.) by extension 'python'
[0.165s] Level 1:colcon.colcon_core.package_identification:_identify(.) by extensions ['python_setup_py']
[0.165s] Level 1:colcon.colcon_core.package_identification:_identify(.) by extension 'python_setup_py'
[0.165s] Level 1:colcon.colcon_core.package_identification:_identify(build) by extensions ['ignore', 'ignore_ament_install']
[0.165s] Level 1:colcon.colcon_core.package_identification:_identify(build) by extension 'ignore'
[0.165s] Level 1:colcon.colcon_core.package_identification:_identify(build) ignored
[0.165s] Level 1:colcon.colcon_core.package_identification:_identify(install) by extensions ['ignore', 'ignore_ament_install']
[0.165s] Level 1:colcon.colcon_core.package_identification:_identify(install) by extension 'ignore'
[0.165s] Level 1:colcon.colcon_core.package_identification:_identify(install) ignored
[0.166s] Level 1:colcon.colcon_core.package_identification:_identify(log) by extensions ['ignore', 'ignore_ament_install']
[0.166s] Level 1:colcon.colcon_core.package_identification:_identify(log) by extension 'ignore'
[0.166s] Level 1:colcon.colcon_core.package_identification:_identify(log) ignored
[0.166s] Level 1:colcon.colcon_core.package_identification:_identify(src) by extensions ['ignore', 'ignore_ament_install']
[0.166s] Level 1:colcon.colcon_core.package_identification:_identify(src) by extension 'ignore'
[0.166s] Level 1:colcon.colcon_core.package_identification:_identify(src) by extension 'ignore_ament_install'
[0.166s] Level 1:colcon.colcon_core.package_identification:_identify(src) by extensions ['colcon_pkg']
[0.166s] Level 1:colcon.colcon_core.package_identification:_identify(src) by extension 'colcon_pkg'
[0.166s] Level 1:colcon.colcon_core.package_identification:_identify(src) by extensions ['colcon_meta']
[0.166s] Level 1:colcon.colcon_core.package_identification:_identify(src) by extension 'colcon_meta'
[0.166s] Level 1:colcon.colcon_core.package_identification:_identify(src) by extensions ['ros']
[0.166s] Level 1:colcon.colcon_core.package_identification:_identify(src) by extension 'ros'
[0.166s] Level 1:colcon.colcon_core.package_identification:_identify(src) by extensions ['cmake', 'python']
[0.166s] Level 1:colcon.colcon_core.package_identification:_identify(src) by extension 'cmake'
[0.166s] Level 1:colcon.colcon_core.package_identification:_identify(src) by extension 'python'
[0.166s] Level 1:colcon.colcon_core.package_identification:_identify(src) by extensions ['python_setup_py']
[0.166s] Level 1:colcon.colcon_core.package_identification:_identify(src) by extension 'python_setup_py'
[0.166s] Level 1:colcon.colcon_core.package_identification:_identify(src/hikvision_camera) by extensions ['ignore', 'ignore_ament_install']
[0.166s] Level 1:colcon.colcon_core.package_identification:_identify(src/hikvision_camera) by extension 'ignore'
[0.166s] Level 1:colcon.colcon_core.package_identification:_identify(src/hikvision_camera) by extension 'ignore_ament_install'
[0.166s] Level 1:colcon.colcon_core.package_identification:_identify(src/hikvision_camera) by extensions ['colcon_pkg']
[0.166s] Level 1:colcon.colcon_core.package_identification:_identify(src/hikvision_camera) by extension 'colcon_pkg'
[0.166s] Level 1:colcon.colcon_core.package_identification:_identify(src/hikvision_camera) by extensions ['colcon_meta']
[0.166s] Level 1:colcon.colcon_core.package_identification:_identify(src/hikvision_camera) by extension 'colcon_meta'
[0.166s] Level 1:colcon.colcon_core.package_identification:_identify(src/hikvision_camera) by extensions ['ros']
[0.166s] Level 1:colcon.colcon_core.package_identification:_identify(src/hikvision_camera) by extension 'ros'
[0.168s] DEBUG:colcon.colcon_core.package_identification:Package 'src/hikvision_camera' with type 'ros.ament_cmake' and name 'hikvision_camera'
[0.168s] Level 1:colcon.colcon_core.package_discovery:discover_packages(recursive) using defaults
[0.168s] Level 1:colcon.colcon_core.package_discovery:discover_packages(ignore) discover
[0.168s] Level 1:colcon.colcon_core.package_discovery:discover_packages(ignore) using defaults
[0.168s] Level 1:colcon.colcon_core.package_discovery:discover_packages(path) discover
[0.168s] Level 1:colcon.colcon_core.package_discovery:discover_packages(path) using defaults
[0.180s] Level 1:colcon.colcon_core.package_discovery:discover_packages(prefix_path) check parameters
[0.180s] Level 1:colcon.colcon_core.package_discovery:discover_packages(prefix_path) discover
[0.181s] DEBUG:colcon.colcon_installed_package_information.package_discovery:Found 1 installed packages in /home/guojinxuan/ros_task/task4_ros/install
[0.182s] DEBUG:colcon.colcon_installed_package_information.package_discovery:Found 274 installed packages in /opt/ros/humble
[0.184s] Level 1:colcon.colcon_core.package_discovery:discover_packages(prefix_path) using defaults
[0.212s] Level 5:colcon.colcon_core.verb:set package 'hikvision_camera' build argument 'cmake_args' from command line to 'None'
[0.212s] Level 5:colcon.colcon_core.verb:set package 'hikvision_camera' build argument 'cmake_target' from command line to 'None'
[0.212s] Level 5:colcon.colcon_core.verb:set package 'hikvision_camera' build argument 'cmake_target_skip_unavailable' from command line to 'False'
[0.213s] Level 5:colcon.colcon_core.verb:set package 'hikvision_camera' build argument 'cmake_clean_cache' from command line to 'False'
[0.213s] Level 5:colcon.colcon_core.verb:set package 'hikvision_camera' build argument 'cmake_clean_first' from command line to 'False'
[0.213s] Level 5:colcon.colcon_core.verb:set package 'hikvision_camera' build argument 'cmake_force_configure' from command line to 'False'
[0.213s] Level 5:colcon.colcon_core.verb:set package 'hikvision_camera' build argument 'ament_cmake_args' from command line to 'None'
[0.213s] Level 5:colcon.colcon_core.verb:set package 'hikvision_camera' build argument 'catkin_cmake_args' from command line to 'None'
[0.213s] Level 5:colcon.colcon_core.verb:set package 'hikvision_camera' build argument 'catkin_skip_building_tests' from command line to 'False'
[0.213s] DEBUG:colcon.colcon_core.verb:Building package 'hikvision_camera' with the following arguments: {'ament_cmake_args': None, 'build_base': '/home/guojinxuan/ros_task/task4_ros/build/hikvision_camera', 'catkin_cmake_args': None, 'catkin_skip_building_tests': False, 'cmake_args': None, 'cmake_clean_cache': False, 'cmake_clean_first': False, 'cmake_force_configure': False, 'cmake_target': None, 'cmake_target_skip_unavailable': False, 'install_base': '/home/guojinxuan/ros_task/task4_ros/install/hikvision_camera', 'merge_install': False, 'path': '/home/guojinxuan/ros_task/task4_ros/src/hikvision_camera', 'symlink_install': False, 'test_result_base': None}
[0.213s] INFO:colcon.colcon_core.executor:Executing jobs using 'parallel' executor
[0.213s] DEBUG:colcon.colcon_parallel_executor.executor.parallel:run_until_complete
[0.214s] INFO:colcon.colcon_ros.task.ament_cmake.build:Building ROS package in '/home/guojinxuan/ros_task/task4_ros/src/hikvision_camera' with build type 'ament_cmake'
[0.214s] INFO:colcon.colcon_cmake.task.cmake.build:Building CMake package in '/home/guojinxuan/ros_task/task4_ros/src/hikvision_camera'
[0.215s] INFO:colcon.colcon_core.plugin_system:Skipping extension 'colcon_core.shell.bat': Not used on non-Windows systems
[0.215s] INFO:colcon.colcon_core.shell:Skip shell extension 'powershell' for command environment: Not usable outside of PowerShell
[0.215s] DEBUG:colcon.colcon_core.shell:Skip shell extension 'dsv' for command environment
[0.222s] DEBUG:colcon.colcon_core.event_handler.log_command:Invoking command in '/home/guojinxuan/ros_task/task4_ros/build/hikvision_camera': CMAKE_PREFIX_PATH=${CMAKE_PREFIX_PATH}:/opt/ros/humble /usr/bin/cmake --build /home/guojinxuan/ros_task/task4_ros/build/hikvision_camera -- -j32 -l32
[3.975s] DEBUG:colcon.colcon_core.event_handler.log_command:Invoked command in '/home/guojinxuan/ros_task/task4_ros/build/hikvision_camera' returned '0': CMAKE_PREFIX_PATH=${CMAKE_PREFIX_PATH}:/opt/ros/humble /usr/bin/cmake --build /home/guojinxuan/ros_task/task4_ros/build/hikvision_camera -- -j32 -l32
[3.981s] DEBUG:colcon.colcon_core.event_handler.log_command:Invoking command in '/home/guojinxuan/ros_task/task4_ros/build/hikvision_camera': CMAKE_PREFIX_PATH=${CMAKE_PREFIX_PATH}:/opt/ros/humble /usr/bin/cmake --install /home/guojinxuan/ros_task/task4_ros/build/hikvision_camera
[3.990s] Level 1:colcon.colcon_core.environment:create_environment_scripts_only(hikvision_camera)
[3.990s] DEBUG:colcon.colcon_core.event_handler.log_command:Invoked command in '/home/guojinxuan/ros_task/task4_ros/build/hikvision_camera' returned '0': CMAKE_PREFIX_PATH=${CMAKE_PREFIX_PATH}:/opt/ros/humble /usr/bin/cmake --install /home/guojinxuan/ros_task/task4_ros/build/hikvision_camera
[3.991s] Level 1:colcon.colcon_core.environment:checking '/home/guojinxuan/ros_task/task4_ros/install/hikvision_camera' for CMake module files
[3.991s] Level 1:colcon.colcon_core.environment:checking '/home/guojinxuan/ros_task/task4_ros/install/hikvision_camera' for CMake config files
[3.992s] Level 1:colcon.colcon_core.shell:create_environment_hook('hikvision_camera', 'cmake_prefix_path')
[3.992s] INFO:colcon.colcon_core.shell:Creating environment hook '/home/guojinxuan/ros_task/task4_ros/install/hikvision_camera/share/hikvision_camera/hook/cmake_prefix_path.ps1'
[3.992s] INFO:colcon.colcon_core.shell:Creating environment descriptor '/home/guojinxuan/ros_task/task4_ros/install/hikvision_camera/share/hikvision_camera/hook/cmake_prefix_path.dsv'
[3.993s] INFO:colcon.colcon_core.shell:Creating environment hook '/home/guojinxuan/ros_task/task4_ros/install/hikvision_camera/share/hikvision_camera/hook/cmake_prefix_path.sh'
[3.993s] Level 1:colcon.colcon_core.environment:checking '/home/guojinxuan/ros_task/task4_ros/install/hikvision_camera/lib'
[3.993s] Level 1:colcon.colcon_core.environment:checking '/home/guojinxuan/ros_task/task4_ros/install/hikvision_camera/bin'
[3.993s] Level 1:colcon.colcon_core.environment:checking '/home/guojinxuan/ros_task/task4_ros/install/hikvision_camera/lib/pkgconfig/hikvision_camera.pc'
[3.993s] Level 1:colcon.colcon_core.environment:checking '/home/guojinxuan/ros_task/task4_ros/install/hikvision_camera/lib/python3.10/site-packages'
[3.993s] Level 1:colcon.colcon_core.environment:checking '/home/guojinxuan/ros_task/task4_ros/install/hikvision_camera/bin'
[3.994s] INFO:colcon.colcon_core.shell:Creating package script '/home/guojinxuan/ros_task/task4_ros/install/hikvision_camera/share/hikvision_camera/package.ps1'
[3.994s] INFO:colcon.colcon_core.shell:Creating package descriptor '/home/guojinxuan/ros_task/task4_ros/install/hikvision_camera/share/hikvision_camera/package.dsv'
[3.994s] INFO:colcon.colcon_core.shell:Creating package script '/home/guojinxuan/ros_task/task4_ros/install/hikvision_camera/share/hikvision_camera/package.sh'
[3.995s] INFO:colcon.colcon_core.shell:Creating package script '/home/guojinxuan/ros_task/task4_ros/install/hikvision_camera/share/hikvision_camera/package.bash'
[3.995s] INFO:colcon.colcon_core.shell:Creating package script '/home/guojinxuan/ros_task/task4_ros/install/hikvision_camera/share/hikvision_camera/package.zsh'
[3.995s] Level 1:colcon.colcon_core.environment:create_file_with_runtime_dependencies(/home/guojinxuan/ros_task/task4_ros/install/hikvision_camera/share/colcon-core/packages/hikvision_camera)
[3.996s] Level 1:colcon.colcon_core.environment:create_environment_scripts_only(hikvision_camera)
[3.996s] Level 1:colcon.colcon_core.environment:checking '/home/guojinxuan/ros_task/task4_ros/install/hikvision_camera' for CMake module files
[3.996s] Level 1:colcon.colcon_core.environment:checking '/home/guojinxuan/ros_task/task4_ros/install/hikvision_camera' for CMake config files
[3.996s] Level 1:colcon.colcon_core.shell:create_environment_hook('hikvision_camera', 'cmake_prefix_path')
[3.996s] INFO:colcon.colcon_core.shell:Creating environment hook '/home/guojinxuan/ros_task/task4_ros/install/hikvision_camera/share/hikvision_camera/hook/cmake_prefix_path.ps1'
[3.996s] INFO:colcon.colcon_core.shell:Creating environment descriptor '/home/guojinxuan/ros_task/task4_ros/install/hikvision_camera/share/hikvision_camera/hook/cmake_prefix_path.dsv'
[3.996s] INFO:colcon.colcon_core.shell:Creating environment hook '/home/guojinxuan/ros_task/task4_ros/install/hikvision_camera/share/hikvision_camera/hook/cmake_prefix_path.sh'
[3.997s] Level 1:colcon.colcon_core.environment:checking '/home/guojinxuan/ros_task/task4_ros/install/hikvision_camera/lib'
[3.997s] Level 1:colcon.colcon_core.environment:checking '/home/guojinxuan/ros_task/task4_ros/install/hikvision_camera/bin'
[3.997s] Level 1:colcon.colcon_core.environment:checking '/home/guojinxuan/ros_task/task4_ros/install/hikvision_camera/lib/pkgconfig/hikvision_camera.pc'
[3.997s] Level 1:colcon.colcon_core.environment:checking '/home/guojinxuan/ros_task/task4_ros/install/hikvision_camera/lib/python3.10/site-packages'
[3.997s] Level 1:colcon.colcon_core.environment:checking '/home/guojinxuan/ros_task/task4_ros/install/hikvision_camera/bin'
[3.997s] INFO:colcon.colcon_core.shell:Creating package script '/home/guojinxuan/ros_task/task4_ros/install/hikvision_camera/share/hikvision_camera/package.ps1'
[3.997s] INFO:colcon.colcon_core.shell:Creating package descriptor '/home/guojinxuan/ros_task/task4_ros/install/hikvision_camera/share/hikvision_camera/package.dsv'
[3.998s] INFO:colcon.colcon_core.shell:Creating package script '/home/guojinxuan/ros_task/task4_ros/install/hikvision_camera/share/hikvision_camera/package.sh'
[3.998s] INFO:colcon.colcon_core.shell:Creating package script '/home/guojinxuan/ros_task/task4_ros/install/hikvision_camera/share/hikvision_camera/package.bash'
[3.998s] INFO:colcon.colcon_core.shell:Creating package script '/home/guojinxuan/ros_task/task4_ros/install/hikvision_camera/share/hikvision_camera/package.zsh'
[3.998s] Level 1:colcon.colcon_core.environment:create_file_with_runtime_dependencies(/home/guojinxuan/ros_task/task4_ros/install/hikvision_camera/share/colcon-core/packages/hikvision_camera)
[3.998s] DEBUG:colcon.colcon_parallel_executor.executor.parallel:closing loop
[3.998s] DEBUG:colcon.colcon_parallel_executor.executor.parallel:loop closed
[3.998s] DEBUG:colcon.colcon_parallel_executor.executor.parallel:run_until_complete finished with '0'
[3.998s] DEBUG:colcon.colcon_core.event_reactor:joining thread
[4.001s] INFO:colcon.colcon_core.plugin_system:Skipping extension 'colcon_notification.desktop_notification.terminal_notifier': Not used on non-Darwin systems
[4.001s] INFO:colcon.colcon_core.plugin_system:Skipping extension 'colcon_notification.desktop_notification.win32': Not used on non-Windows systems
[4.001s] INFO:colcon.colcon_notification.desktop_notification:Sending desktop notification using 'notify2'
[4.008s] DEBUG:colcon.colcon_core.event_reactor:joined thread
[4.008s] INFO:colcon.colcon_core.shell:Creating prefix script '/home/guojinxuan/ros_task/task4_ros/install/local_setup.ps1'
[4.009s] INFO:colcon.colcon_core.shell:Creating prefix util module '/home/guojinxuan/ros_task/task4_ros/install/_local_setup_util_ps1.py'
[4.010s] INFO:colcon.colcon_core.shell:Creating prefix chain script '/home/guojinxuan/ros_task/task4_ros/install/setup.ps1'
[4.010s] INFO:colcon.colcon_core.shell:Creating prefix script '/home/guojinxuan/ros_task/task4_ros/install/local_setup.sh'
[4.011s] INFO:colcon.colcon_core.shell:Creating prefix util module '/home/guojinxuan/ros_task/task4_ros/install/_local_setup_util_sh.py'
[4.011s] INFO:colcon.colcon_core.shell:Creating prefix chain script '/home/guojinxuan/ros_task/task4_ros/install/setup.sh'
[4.012s] INFO:colcon.colcon_core.shell:Creating prefix script '/home/guojinxuan/ros_task/task4_ros/install/local_setup.bash'
[4.012s] INFO:colcon.colcon_core.shell:Creating prefix chain script '/home/guojinxuan/ros_task/task4_ros/install/setup.bash'
[4.012s] INFO:colcon.colcon_core.shell:Creating prefix script '/home/guojinxuan/ros_task/task4_ros/install/local_setup.zsh'
[4.013s] INFO:colcon.colcon_core.shell:Creating prefix chain script '/home/guojinxuan/ros_task/task4_ros/install/setup.zsh'
