[35m[1mConsolidate compiler generated dependencies of target hikvision_camera_node[0m
[ 50%] [32mBuilding CXX object CMakeFiles/hikvision_camera_node.dir/src/hikvision_camera.cpp.o[0m
[100%] [32m[1mLinking CXX executable hikvision_camera_node[0m
[100%] Built target hikvision_camera_node
-- Install configuration: ""
-- Installing: /home/guojinxuan/ros_task/task4_ros/install/hikvision_camera/lib/hikvision_camera/hikvision_camera_node
-- Set runtime path of "/home/guojinxuan/ros_task/task4_ros/install/hikvision_camera/lib/hikvision_camera/hikvision_camera_node" to ""
-- Up-to-date: /home/guojinxuan/ros_task/task4_ros/install/hikvision_camera/share/hikvision_camera/launch
-- Up-to-date: /home/guojinxuan/ros_task/task4_ros/install/hikvision_camera/share/hikvision_camera/launch/camera_launch.py
-- Up-to-date: /home/guojinxuan/ros_task/task4_ros/install/hikvision_camera/share/ament_index/resource_index/package_run_dependencies/hikvision_camera
-- Up-to-date: /home/guojinxuan/ros_task/task4_ros/install/hikvision_camera/share/ament_index/resource_index/parent_prefix_path/hikvision_camera
-- Up-to-date: /home/guojinxuan/ros_task/task4_ros/install/hikvision_camera/share/hikvision_camera/environment/ament_prefix_path.sh
-- Up-to-date: /home/guojinxuan/ros_task/task4_ros/install/hikvision_camera/share/hikvision_camera/environment/ament_prefix_path.dsv
-- Up-to-date: /home/guojinxuan/ros_task/task4_ros/install/hikvision_camera/share/hikvision_camera/environment/path.sh
-- Up-to-date: /home/guojinxuan/ros_task/task4_ros/install/hikvision_camera/share/hikvision_camera/environment/path.dsv
-- Up-to-date: /home/guojinxuan/ros_task/task4_ros/install/hikvision_camera/share/hikvision_camera/local_setup.bash
-- Up-to-date: /home/guojinxuan/ros_task/task4_ros/install/hikvision_camera/share/hikvision_camera/local_setup.sh
-- Up-to-date: /home/guojinxuan/ros_task/task4_ros/install/hikvision_camera/share/hikvision_camera/local_setup.zsh
-- Up-to-date: /home/guojinxuan/ros_task/task4_ros/install/hikvision_camera/share/hikvision_camera/local_setup.dsv
-- Installing: /home/guojinxuan/ros_task/task4_ros/install/hikvision_camera/share/hikvision_camera/package.dsv
-- Up-to-date: /home/guojinxuan/ros_task/task4_ros/install/hikvision_camera/share/ament_index/resource_index/packages/hikvision_camera
-- Up-to-date: /home/guojinxuan/ros_task/task4_ros/install/hikvision_camera/share/hikvision_camera/cmake/ament_cmake_export_include_directories-extras.cmake
-- Up-to-date: /home/guojinxuan/ros_task/task4_ros/install/hikvision_camera/share/hikvision_camera/cmake/ament_cmake_export_dependencies-extras.cmake
-- Up-to-date: /home/guojinxuan/ros_task/task4_ros/install/hikvision_camera/share/hikvision_camera/cmake/hikvision_cameraConfig.cmake
-- Up-to-date: /home/guojinxuan/ros_task/task4_ros/install/hikvision_camera/share/hikvision_camera/cmake/hikvision_cameraConfig-version.cmake
-- Up-to-date: /home/guojinxuan/ros_task/task4_ros/install/hikvision_camera/share/hikvision_camera/package.xml
