[0.008s] Invoking command in '/home/guojinxuan/ros_task/task4_ros/build/hikvision_camera': CMAKE_PREFIX_PATH=${CMAKE_PREFIX_PATH}:/opt/ros/humble /usr/bin/cmake --build /home/guojinxuan/ros_task/task4_ros/build/hikvision_camera -- -j32 -l32
[0.048s] [35m[1mConsolidate compiler generated dependencies of target hikvision_camera_node[0m
[0.065s] [100%] Built target hikvision_camera_node
[0.076s] Invoked command in '/home/guojinxuan/ros_task/task4_ros/build/hikvision_camera' returned '0': CMAKE_PREFIX_PATH=${CMAKE_PREFIX_PATH}:/opt/ros/humble /usr/bin/cmake --build /home/guojinxuan/ros_task/task4_ros/build/hikvision_camera -- -j32 -l32
[0.084s] Invoking command in '/home/guojinxuan/ros_task/task4_ros/build/hikvision_camera': CMAKE_PREFIX_PATH=${CMAKE_PREFIX_PATH}:/opt/ros/humble /usr/bin/cmake --install /home/guojinxuan/ros_task/task4_ros/build/hikvision_camera
[0.091s] -- Install configuration: ""
[0.091s] -- Up-to-date: /home/guojinxuan/ros_task/task4_ros/install/hikvision_camera/lib/hikvision_camera/hikvision_camera_node
[0.091s] -- Up-to-date: /home/guojinxuan/ros_task/task4_ros/install/hikvision_camera/share/hikvision_camera/launch
[0.091s] -- Up-to-date: /home/guojinxuan/ros_task/task4_ros/install/hikvision_camera/share/hikvision_camera/launch/camera_launch.py
[0.091s] -- Up-to-date: /home/guojinxuan/ros_task/task4_ros/install/hikvision_camera/share/ament_index/resource_index/package_run_dependencies/hikvision_camera
[0.091s] -- Up-to-date: /home/guojinxuan/ros_task/task4_ros/install/hikvision_camera/share/ament_index/resource_index/parent_prefix_path/hikvision_camera
[0.091s] -- Up-to-date: /home/guojinxuan/ros_task/task4_ros/install/hikvision_camera/share/hikvision_camera/environment/ament_prefix_path.sh
[0.091s] -- Up-to-date: /home/guojinxuan/ros_task/task4_ros/install/hikvision_camera/share/hikvision_camera/environment/ament_prefix_path.dsv
[0.091s] -- Up-to-date: /home/guojinxuan/ros_task/task4_ros/install/hikvision_camera/share/hikvision_camera/environment/path.sh
[0.091s] -- Up-to-date: /home/guojinxuan/ros_task/task4_ros/install/hikvision_camera/share/hikvision_camera/environment/path.dsv
[0.091s] -- Up-to-date: /home/guojinxuan/ros_task/task4_ros/install/hikvision_camera/share/hikvision_camera/local_setup.bash
[0.092s] -- Up-to-date: /home/guojinxuan/ros_task/task4_ros/install/hikvision_camera/share/hikvision_camera/local_setup.sh
[0.092s] -- Up-to-date: /home/guojinxuan/ros_task/task4_ros/install/hikvision_camera/share/hikvision_camera/local_setup.zsh
[0.092s] -- Up-to-date: /home/guojinxuan/ros_task/task4_ros/install/hikvision_camera/share/hikvision_camera/local_setup.dsv
[0.092s] -- Installing: /home/guojinxuan/ros_task/task4_ros/install/hikvision_camera/share/hikvision_camera/package.dsv
[0.092s] -- Up-to-date: /home/guojinxuan/ros_task/task4_ros/install/hikvision_camera/share/ament_index/resource_index/packages/hikvision_camera
[0.092s] -- Up-to-date: /home/guojinxuan/ros_task/task4_ros/install/hikvision_camera/share/hikvision_camera/cmake/ament_cmake_export_include_directories-extras.cmake
[0.092s] -- Up-to-date: /home/guojinxuan/ros_task/task4_ros/install/hikvision_camera/share/hikvision_camera/cmake/ament_cmake_export_dependencies-extras.cmake
[0.092s] -- Up-to-date: /home/guojinxuan/ros_task/task4_ros/install/hikvision_camera/share/hikvision_camera/cmake/hikvision_cameraConfig.cmake
[0.092s] -- Up-to-date: /home/guojinxuan/ros_task/task4_ros/install/hikvision_camera/share/hikvision_camera/cmake/hikvision_cameraConfig-version.cmake
[0.092s] -- Up-to-date: /home/guojinxuan/ros_task/task4_ros/install/hikvision_camera/share/hikvision_camera/package.xml
[0.094s] Invoked command in '/home/guojinxuan/ros_task/task4_ros/build/hikvision_camera' returned '0': CMAKE_PREFIX_PATH=${CMAKE_PREFIX_PATH}:/opt/ros/humble /usr/bin/cmake --install /home/guojinxuan/ros_task/task4_ros/build/hikvision_camera
